[2026-04-24T15:22:04.658Z] Loaded 300 Pokemon entries. Range: 1-3
[2026-04-24T15:22:04.661Z] [2/300] Fetching ivysaur-002...
[2026-04-24T15:22:05.717Z]   OK: ivysaur-002 - types:Grass, rarity:Rare, biomes:3
[2026-04-24T15:22:06.523Z] [3/300] Fetching venusaur-003...
[2026-04-24T15:22:06.746Z]   OK: venusaur-003 - types:Grass,Poison, rarity:Rare, biomes:3
[2026-04-24T15:22:07.559Z] FINISHED: 2/300 Pokemon scraped
[2026-04-24T15:24:42.734Z] Loaded 300 Pokemon entries. Range: 0-3
[2026-04-24T15:24:42.737Z] Loaded 2 existing results
[2026-04-24T15:24:42.737Z] [1/300] Fetching bulbasaur-001...
[2026-04-24T15:24:43.072Z]   OK: bulbasaur-001 - types:, rarity:Common, biomes:3, favs:6, items:0
[2026-04-24T15:24:43.884Z] [2/300] SKIP ivysaur-002 - already scraped
[2026-04-24T15:24:43.887Z] [3/300] SKIP venusaur-003 - already scraped
[2026-04-24T15:24:43.890Z] FINISHED: 3/300 Pokemon scraped
[2026-04-24T15:26:11.291Z] Loaded 300 Pokemon entries. Range: 0-3
[2026-04-24T15:26:11.297Z] Loaded 0 existing results
[2026-04-24T15:26:11.297Z] [1/300] Fetching bulbasaur-001...
[2026-04-24T15:26:11.642Z]   OK: bulbasaur-001 - types:, rarity:Common, biomes:3, favs:6, items:0
[2026-04-24T15:26:12.445Z] [2/300] Fetching ivysaur-002...
[2026-04-24T15:26:12.628Z]   OK: ivysaur-002 - types:, rarity:Rare, biomes:3, favs:6, items:0
[2026-04-24T15:26:13.430Z] [3/300] Fetching venusaur-003...
[2026-04-24T15:26:13.575Z]   OK: venusaur-003 - types:, rarity:Rare, biomes:3, favs:6, items:0
[2026-04-24T15:26:14.377Z] FINISHED: 3/300 Pokemon scraped
[2026-04-24T15:28:59.534Z] Loaded 300 Pokemon entries. Range: 1-299
[2026-04-24T15:28:59.538Z] Loaded 3 existing results
[2026-04-24T15:28:59.538Z] [2/300] SKIP ivysaur-002 - already scraped
[2026-04-24T15:28:59.538Z] [3/300] SKIP venusaur-003 - already scraped
[2026-04-24T15:28:59.539Z] [4/300] Fetching charmander-004...
[2026-04-24T15:28:59.784Z]   OK: charmander-004 - types:, rarity:Common, biomes:2, favs:6, items:0
[2026-04-24T15:29:00.585Z] [5/300] Fetching charmeleon-005...
[2026-04-24T15:29:00.691Z]   OK: charmeleon-005 - types:, rarity:Rare, biomes:2, favs:6, items:0
[2026-04-24T15:29:01.502Z] [6/300] Fetching charizard-006...
[2026-04-24T15:29:02.278Z]   OK: charizard-006 - types:, rarity:Very Rare, biomes:3, favs:6, items:0
[2026-04-24T15:29:03.089Z] [7/300] Fetching squirtle-007...
[2026-04-24T15:29:03.815Z]   OK: squirtle-007 - types:, rarity:Common, biomes:3, favs:6, items:0
[2026-04-24T15:29:04.623Z] [8/300] Fetching wartortle-008...
[2026-04-24T15:29:05.135Z]   OK: wartortle-008 - types:, rarity:Rare, biomes:2, favs:6, items:0
[2026-04-24T15:29:05.943Z] [9/300] Fetching blastoise-009...
[2026-04-24T15:29:06.556Z]   OK: blastoise-009 - types:, rarity:Very Rare, biomes:3, favs:6, items:0
[2026-04-24T15:29:07.357Z] [10/300] Fetching pidgey-010...
[2026-04-24T15:29:08.127Z]   OK: pidgey-010 - types:, rarity:Common, biomes:3, favs:6, items:0
[2026-04-24T15:29:08.129Z]   Saved progress: 10 entries
[2026-04-24T15:29:08.939Z] [11/300] Fetching pidgeotto-011...
[2026-04-24T15:29:09.740Z]   OK: pidgeotto-011 - types:, rarity:Rare, biomes:3, favs:6, items:0
[2026-04-24T15:29:10.545Z] [12/300] Fetching pidgeot-012...
[2026-04-24T15:29:11.312Z]   OK: pidgeot-012 - types:, rarity:Common, biomes:1, favs:6, items:0
[2026-04-24T15:29:12.116Z] [13/300] Fetching oddish-013...
[2026-04-24T15:29:12.899Z]   OK: oddish-013 - types:, rarity:Common, biomes:2, favs:6, items:0
[2026-04-24T15:29:13.710Z] [14/300] Fetching gloom-014...
[2026-04-24T15:29:14.493Z]   OK: gloom-014 - types:, rarity:Common, biomes:2, favs:6, items:0
[2026-04-24T15:29:15.296Z] [15/300] Fetching vileplume-015...
[2026-04-24T15:29:15.905Z]   OK: vileplume-015 - types:, rarity:Rare, biomes:2, favs:6, items:0
[2026-04-24T15:29:16.713Z] [16/300] Fetching bellossom-016...
[2026-04-24T15:29:17.440Z]   OK: bellossom-016 - types:, rarity:Rare, biomes:2, favs:6, items:0
[2026-04-24T15:29:18.248Z] [17/300] Fetching paras-017...
[2026-04-24T15:29:18.948Z]   OK: paras-017 - types:, rarity:Common, biomes:3, favs:6, items:0
[2026-04-24T15:29:19.763Z] [18/300] Fetching parasect-018...
[2026-04-24T15:29:20.350Z]   OK: parasect-018 - types:, rarity:Rare, biomes:3, favs:6, items:0
[2026-04-24T15:29:21.158Z] [19/300] Fetching venonat-019...
[2026-04-24T15:29:21.966Z]   OK: venonat-019 - types:, rarity:Common, biomes:3, favs:6, items:0
[2026-04-24T15:29:22.769Z] [20/300] Fetching venomoth-020...
[2026-04-24T15:29:23.564Z]   OK: venomoth-020 - types:, rarity:Rare, biomes:3, favs:6, items:0
[2026-04-24T15:29:23.566Z]   Saved progress: 20 entries
[2026-04-24T15:29:24.375Z] [21/300] Fetching bellsprout-021...
[2026-04-24T15:29:24.944Z]   OK: bellsprout-021 - types:, rarity:Common, biomes:1, favs:6, items:0
[2026-04-24T15:29:25.754Z] [22/300] Fetching weepinbell-022...
[2026-04-24T15:29:26.487Z]   OK: weepinbell-022 - types:, rarity:Rare, biomes:2, favs:6, items:0
[2026-04-24T15:29:27.291Z] [23/300] Fetching victreebel-023...
[2026-04-24T15:29:27.442Z]   OK: victreebel-023 - types:, rarity:Very Rare, biomes:2, favs:6, items:0
[2026-04-24T15:29:28.252Z] [24/300] Fetching slowpoke-024...
[2026-04-24T15:29:28.819Z]   OK: slowpoke-024 - types:, rarity:Common, biomes:2, favs:6, items:0
[2026-04-24T15:29:29.629Z] [25/300] Fetching slowbro-025...
[2026-04-24T15:29:30.411Z]   OK: slowbro-025 - types:, rarity:Very Rare, biomes:2, favs:6, items:0
[2026-04-24T15:29:31.214Z] [26/300] Fetching slowking-026...
[2026-04-24T15:29:32.050Z]   OK: slowking-026 - types:, rarity:Very Rare, biomes:2, favs:6, items:0
[2026-04-24T15:29:32.860Z] [27/300] Fetching magnemite-027...
[2026-04-24T15:29:33.106Z]   OK: magnemite-027 - types:, rarity:Common, biomes:1, favs:6, items:0
[2026-04-24T15:29:33.916Z] [28/300] Fetching magneton-028...
[2026-04-24T15:29:34.774Z]   OK: magneton-028 - types:, rarity:Rare, biomes:3, favs:6, items:0
[2026-04-24T15:29:35.578Z] [29/300] Fetching magnezone-029...
[2026-04-24T15:29:36.185Z]   OK: magnezone-029 - types:, rarity:Very Rare, biomes:3, favs:6, items:0
[2026-04-24T15:29:36.986Z] [30/300] Fetching onix-030...
[2026-04-24T15:29:37.166Z]   OK: onix-030 - types:, rarity:Common, biomes:2, favs:6, items:0
[2026-04-24T15:29:37.168Z]   Saved progress: 30 entries
[2026-04-24T15:29:37.972Z] [31/300] Fetching steelix-031...
[2026-04-24T15:29:38.562Z]   OK: steelix-031 - types:, rarity:Common, biomes:2, favs:6, items:0
[2026-04-24T15:29:39.379Z] [32/300] Fetching cubone-032...
[2026-04-24T15:29:40.191Z]   OK: cubone-032 - types:, rarity:Common, biomes:2, favs:6, items:0
[2026-04-24T15:29:41.004Z] [33/300] Fetching marowak-033...
[2026-04-24T15:29:41.744Z]   OK: marowak-033 - types:, rarity:Rare, biomes:2, favs:6, items:0
[2026-04-24T15:29:42.546Z] [34/300] Fetching tyrogue-034...
[2026-04-24T15:29:43.140Z]   OK: tyrogue-034 - types:, rarity:Common, biomes:2, favs:6, items:0
[2026-04-24T15:29:43.945Z] [35/300] Fetching hitmonlee-035...
[2026-04-24T15:29:44.794Z]   OK: hitmonlee-035 - types:, rarity:Common, biomes:2, favs:6, items:0
[2026-04-24T15:29:45.608Z] [36/300] Fetching hitmonchan-036...
[2026-04-24T15:29:46.434Z]   OK: hitmonchan-036 - types:, rarity:Common, biomes:2, favs:6, items:0
[2026-04-24T15:29:47.240Z] [37/300] Fetching hitmontop-037...
[2026-04-24T15:29:48.016Z]   OK: hitmontop-037 - types:, rarity:Common, biomes:2, favs:6, items:0
[2026-04-24T15:29:48.832Z] [38/300] Fetching koffing-038...
[2026-04-24T15:29:49.366Z]   OK: koffing-038 - types:, rarity:Common, biomes:2, favs:6, items:0
[2026-04-24T15:29:50.169Z] [39/300] Fetching weezing-039...
[2026-04-24T15:29:50.724Z]   OK: weezing-039 - types:, rarity:Common, biomes:3, favs:6, items:0
[2026-04-24T15:29:51.531Z] [40/300] Fetching tangela-040...
[2026-04-24T15:29:52.344Z]   OK: tangela-040 - types:, rarity:Common, biomes:1, favs:6, items:0
[2026-04-24T15:29:52.348Z]   Saved progress: 40 entries
[2026-04-24T15:29:53.162Z] [41/300] Fetching tangrowth-041...
[2026-04-24T15:29:53.705Z]   OK: tangrowth-041 - types:, rarity:Common, biomes:2, favs:6, items:0
[2026-04-24T15:29:54.510Z] [42/300] Fetching scyther-042...
[2026-04-24T15:29:55.293Z]   OK: scyther-042 - types:, rarity:Common, biomes:1, favs:6, items:0
[2026-04-24T15:29:56.098Z] [43/300] Fetching scizor-043...
[2026-04-24T15:29:56.875Z]   OK: scizor-043 - types:, rarity:Common, biomes:1, favs:6, items:0
[2026-04-24T15:29:57.689Z] [44/300] Fetching pinsir-044...
[2026-04-24T15:29:58.190Z]   OK: pinsir-044 - types:, rarity:Rare, biomes:1, favs:6, items:0
[2026-04-24T15:29:59.004Z] [45/300] Fetching magikarp-045...
[2026-04-24T15:29:59.804Z]   OK: magikarp-045 - types:, rarity:Common, biomes:2, favs:6, items:0
[2026-04-24T15:30:00.611Z] [46/300] Fetching gyarados-046...
[2026-04-24T15:30:01.387Z]   OK: gyarados-046 - types:, rarity:Common, biomes:1, favs:6, items:0
[2026-04-24T15:30:02.191Z] [47/300] Fetching ditto-047...
[2026-04-24T15:30:02.242Z]   OK: ditto-047 - types:, rarity:null, biomes:1, favs:0, items:0
[2026-04-24T15:30:03.055Z] [48/300] Fetching hoothoot-048...
[2026-04-24T15:30:03.618Z]   OK: hoothoot-048 - types:, rarity:Common, biomes:4, favs:6, items:0
[2026-04-24T15:30:04.430Z] [49/300] Fetching noctowl-049...
[2026-04-24T15:30:04.578Z]   OK: noctowl-049 - types:, rarity:Rare, biomes:3, favs:6, items:0
[2026-04-24T15:30:05.392Z] [50/300] Fetching heracross-050...
[2026-04-24T15:30:06.167Z]   OK: heracross-050 - types:, rarity:Rare, biomes:1, favs:6, items:0
[2026-04-24T15:30:06.169Z]   Saved progress: 50 entries
[2026-04-24T15:30:06.979Z] [51/300] Fetching volbeat-051...
[2026-04-24T15:30:07.820Z]   OK: volbeat-051 - types:, rarity:Rare, biomes:2, favs:6, items:0
[2026-04-24T15:30:08.623Z] [52/300] Fetching illumise-052...
[2026-04-24T15:30:09.379Z]   OK: illumise-052 - types:, rarity:Rare, biomes:2, favs:6, items:0
[2026-04-24T15:30:10.187Z] [53/300] Fetching gulpin-053...
[2026-04-24T15:30:10.916Z]   OK: gulpin-053 - types:, rarity:null, biomes:2, favs:6, items:0
[2026-04-24T15:30:11.717Z] [54/300] Fetching swalot-054...
[2026-04-24T15:30:12.311Z]   OK: swalot-054 - types:, rarity:Rare, biomes:1, favs:6, items:0
[2026-04-24T15:30:13.124Z] [55/300] Fetching cacnea-055...
[2026-04-24T15:30:13.891Z]   OK: cacnea-055 - types:, rarity:Common, biomes:1, favs:6, items:0
[2026-04-24T15:30:14.694Z] [56/300] Fetching cacturne-056...
[2026-04-24T15:30:15.262Z]   OK: cacturne-056 - types:, rarity:Rare, biomes:2, favs:6, items:0
[2026-04-24T15:30:16.076Z] [57/300] Fetching combee-057...
[2026-04-24T15:30:16.620Z]   OK: combee-057 - types:, rarity:Common, biomes:2, favs:6, items:0
[2026-04-24T15:30:17.428Z] [58/300] Fetching vespiquen-058...
[2026-04-24T15:30:18.211Z]   OK: vespiquen-058 - types:, rarity:Common, biomes:2, favs:6, items:0
[2026-04-24T15:30:19.026Z] [59/300] Fetching shellos-059...
[2026-04-24T15:30:19.465Z]   ERROR: shellos-059 - HTTP 404 for shellos-059
[2026-04-24T15:30:21.081Z] [60/300] Fetching gastrodon-060...
[2026-04-24T15:30:21.502Z]   ERROR: gastrodon-060 - HTTP 404 for gastrodon-060
[2026-04-24T15:30:23.105Z] [61/300] Fetching drifloon-061...
[2026-04-24T15:30:23.970Z]   OK: drifloon-061 - types:, rarity:Common, biomes:3, favs:6, items:0
[2026-04-24T15:30:24.780Z] [62/300] Fetching drifblim-062...
[2026-04-24T15:30:25.557Z]   OK: drifblim-062 - types:, rarity:Common, biomes:2, favs:6, items:0
[2026-04-24T15:30:25.561Z]   Saved progress: 60 entries
[2026-04-24T15:30:26.363Z] [63/300] Fetching drilbur-063...
[2026-04-24T15:30:26.910Z]   OK: drilbur-063 - types:, rarity:Common, biomes:2, favs:6, items:0
[2026-04-24T15:30:27.722Z] [64/300] Fetching excadrill-064...
[2026-04-24T15:30:28.364Z]   OK: excadrill-064 - types:, rarity:Rare, biomes:2, favs:6, items:0
[2026-04-24T15:30:29.177Z] [65/300] Fetching timburr-065...
[2026-04-24T15:30:29.843Z]   OK: timburr-065 - types:, rarity:Common, biomes:2, favs:6, items:0
[2026-04-24T15:30:30.648Z] [66/300] Fetching gurdurr-066...
[2026-04-24T15:30:31.289Z]   OK: gurdurr-066 - types:, rarity:Rare, biomes:3, favs:6, items:0
[2026-04-24T15:30:32.092Z] [67/300] Fetching conkeldurr-067...
[2026-04-24T15:30:32.895Z]   OK: conkeldurr-067 - types:, rarity:Common, biomes:1, favs:6, items:0
[2026-04-24T15:30:33.700Z] [68/300] Fetching litwick-068...
[2026-04-24T15:30:34.285Z]   OK: litwick-068 - types:, rarity:Common, biomes:3, favs:6, items:0
[2026-04-24T15:30:35.099Z] [69/300] Fetching lampent-069...
[2026-04-24T15:30:35.936Z]   OK: lampent-069 - types:, rarity:Rare, biomes:3, favs:6, items:0
[2026-04-24T15:30:36.750Z] [70/300] Fetching chandelure-070...
[2026-04-24T15:30:37.462Z]   OK: chandelure-070 - types:, rarity:Rare, biomes:2, favs:6, items:0
[2026-04-24T15:30:38.266Z] [71/300] Fetching axew-071...
[2026-04-24T15:30:38.826Z]   OK: axew-071 - types:, rarity:Common, biomes:2, favs:6, items:0
[2026-04-24T15:30:39.631Z] [72/300] Fetching fraxure-072...
[2026-04-24T15:30:40.149Z]   OK: fraxure-072 - types:, rarity:Common, biomes:2, favs:6, items:0
[2026-04-24T15:30:40.150Z]   Saved progress: 70 entries
[2026-04-24T15:30:40.954Z] [73/300] Fetching haxorus-073...
[2026-04-24T15:30:41.494Z]   OK: haxorus-073 - types:, rarity:Rare, biomes:2, favs:6, items:0
[2026-04-24T15:30:42.303Z] [74/300] Fetching goomy-074...
[2026-04-24T15:30:43.026Z]   OK: goomy-074 - types:, rarity:Common, biomes:3, favs:6, items:0
[2026-04-24T15:30:43.836Z] [75/300] Fetching sliggoo-075...
[2026-04-24T15:30:44.700Z]   OK: sliggoo-075 - types:, rarity:Common, biomes:2, favs:6, items:0
[2026-04-24T15:30:45.504Z] [76/300] Fetching goodra-076...
[2026-04-24T15:30:46.239Z]   OK: goodra-076 - types:, rarity:Rare, biomes:1, favs:6, items:0
[2026-04-24T15:30:47.053Z] [77/300] Fetching cramorant-077...
[2026-04-24T15:30:47.600Z]   OK: cramorant-077 - types:, rarity:Common, biomes:2, favs:6, items:0
[2026-04-24T15:30:48.402Z] [78/300] Fetching pichu-078...
[2026-04-24T15:30:49.219Z]   OK: pichu-078 - types:, rarity:Common, biomes:2, favs:6, items:0
[2026-04-24T15:30:50.024Z] [79/300] Fetching pikachu-079...
[2026-04-24T15:30:50.243Z]   OK: pikachu-079 - types:, rarity:Common, biomes:2, favs:6, items:0
[2026-04-24T15:30:51.048Z] [80/300] Fetching raichu-080...
[2026-04-24T15:30:51.630Z]   OK: raichu-080 - types:, rarity:Common, biomes:1, favs:6, items:0
[2026-04-24T15:30:52.438Z] [81/300] Fetching zubat-081...
[2026-04-24T15:30:53.018Z]   OK: zubat-081 - types:, rarity:Common, biomes:2, favs:6, items:0
[2026-04-24T15:30:53.821Z] [82/300] Fetching golbat-082...
[2026-04-24T15:30:53.920Z]   OK: golbat-082 - types:, rarity:Rare, biomes:2, favs:6, items:0
[2026-04-24T15:30:53.922Z]   Saved progress: 80 entries
[2026-04-24T15:30:54.734Z] [83/300] Fetching crobat-083...
[2026-04-24T15:30:55.267Z]   OK: crobat-083 - types:, rarity:Very Rare, biomes:3, favs:6, items:0
[2026-04-24T15:30:56.069Z] [84/300] Fetching meowth-084...
[2026-04-24T15:30:56.931Z]   OK: meowth-084 - types:, rarity:Common, biomes:3, favs:6, items:0
[2026-04-24T15:30:57.746Z] [85/300] Fetching persian-085...
[2026-04-24T15:30:58.475Z]   OK: persian-085 - types:, rarity:Common, biomes:1, favs:6, items:0
[2026-04-24T15:30:59.277Z] [86/300] Fetching psyduck-086...
[2026-04-24T15:31:00.066Z]   OK: psyduck-086 - types:, rarity:Common, biomes:1, favs:6, items:0
[2026-04-24T15:31:00.872Z] [87/300] Fetching golduck-087...
[2026-04-24T15:31:01.430Z]   OK: golduck-087 - types:, rarity:Rare, biomes:1, favs:6, items:0
[2026-04-24T15:31:02.232Z] [88/300] Fetching growlithe-088...
[2026-04-24T15:31:02.983Z]   OK: growlithe-088 - types:, rarity:Common, biomes:3, favs:6, items:0
[2026-04-24T15:31:03.788Z] [89/300] Fetching arcanine-089...
[2026-04-24T15:31:04.464Z]   OK: arcanine-089 - types:, rarity:Rare, biomes:2, favs:6, items:0
[2026-04-24T15:31:05.277Z] [90/300] Fetching farfetchd-090...
[2026-04-24T15:31:06.023Z]   OK: farfetchd-090 - types:, rarity:Common, biomes:2, favs:6, items:0
[2026-04-24T15:31:06.827Z] [91/300] Fetching grimer-091...
[2026-04-24T15:31:07.579Z]   OK: grimer-091 - types:, rarity:Common, biomes:1, favs:6, items:0
[2026-04-24T15:31:08.387Z] [92/300] Fetching muk-092...
[2026-04-24T15:31:08.961Z]   OK: muk-092 - types:, rarity:Rare, biomes:1, favs:6, items:0
[2026-04-24T15:31:08.964Z]   Saved progress: 90 entries
[2026-04-24T15:31:09.767Z] [93/300] Fetching gastly-093...
[2026-04-24T15:31:11.206Z]   OK: gastly-093 - types:, rarity:Common, biomes:2, favs:6, items:0
[2026-04-24T15:31:12.011Z] [94/300] Fetching haunter-094...
[2026-04-24T15:31:12.828Z]   OK: haunter-094 - types:, rarity:Common, biomes:2, favs:6, items:0
[2026-04-24T15:31:13.636Z] [95/300] Fetching gengar-095...
[2026-04-24T15:31:14.453Z]   OK: gengar-095 - types:, rarity:Rare, biomes:1, favs:6, items:0
[2026-04-24T15:31:15.260Z] [96/300] Fetching voltorb-096...
[2026-04-24T15:31:15.884Z]   OK: voltorb-096 - types:, rarity:Common, biomes:2, favs:6, items:0
[2026-04-24T15:31:16.687Z] [97/300] Fetching electrode-097...
[2026-04-24T15:31:17.476Z]   OK: electrode-097 - types:, rarity:Very Rare, biomes:2, favs:6, items:0
[2026-04-24T15:31:18.283Z] [98/300] Fetching exeggcute-098...
[2026-04-24T15:31:19.096Z]   OK: exeggcute-098 - types:, rarity:Common, biomes:3, favs:6, items:0
[2026-04-24T15:31:19.906Z] [99/300] Fetching exeggutor-099...
[2026-04-24T15:31:20.483Z]   OK: exeggutor-099 - types:, rarity:Very Rare, biomes:3, favs:6, items:0
[2026-04-24T15:31:21.296Z] [100/300] Fetching happiny-100...
[2026-04-24T15:31:21.889Z]   OK: happiny-100 - types:, rarity:Common, biomes:3, favs:6, items:0
[2026-04-24T15:31:22.700Z] [101/300] Fetching chansey-101...
[2026-04-24T15:31:23.261Z]   OK: chansey-101 - types:, rarity:Common, biomes:1, favs:6, items:0
[2026-04-24T15:31:24.076Z] [102/300] Fetching blissey-102...
[2026-04-24T15:31:24.652Z]   OK: blissey-102 - types:, rarity:Rare, biomes:1, favs:6, items:0
[2026-04-24T15:31:24.653Z]   Saved progress: 100 entries
[2026-04-24T15:31:25.464Z] [103/300] Fetching elekid-103...
[2026-04-24T15:31:26.235Z]   OK: elekid-103 - types:, rarity:Common, biomes:2, favs:6, items:0
[2026-04-24T15:31:27.047Z] [104/300] Fetching electabuzz-104...
[2026-04-24T15:31:27.611Z]   OK: electabuzz-104 - types:, rarity:Rare, biomes:2, favs:6, items:0
[2026-04-24T15:31:28.422Z] [105/300] Fetching electivire-105...
[2026-04-24T15:31:29.130Z]   OK: electivire-105 - types:, rarity:Rare, biomes:2, favs:6, items:0
[2026-04-24T15:31:29.938Z] [106/300] Fetching lapras-106...
[2026-04-24T15:31:30.454Z]   OK: lapras-106 - types:, rarity:Common, biomes:2, favs:6, items:0
[2026-04-24T15:31:31.261Z] [107/300] Fetching munchlax-107...
[2026-04-24T15:31:31.803Z]   OK: munchlax-107 - types:, rarity:Rare, biomes:1, favs:6, items:0
[2026-04-24T15:31:32.616Z] [108/300] Fetching snorlax-108...
[2026-04-24T15:31:33.163Z]   OK: snorlax-108 - types:, rarity:Common, biomes:2, favs:6, items:0
[2026-04-24T15:31:33.977Z] [109/300] Fetching spinarak-109...
[2026-04-24T15:31:34.814Z]   OK: spinarak-109 - types:, rarity:Common, biomes:2, favs:6, items:0
[2026-04-24T15:31:35.618Z] [110/300] Fetching ariados-110...
[2026-04-24T15:31:36.151Z]   OK: ariados-110 - types:, rarity:Rare, biomes:2, favs:6, items:0
[2026-04-24T15:31:36.956Z] [111/300] Fetching mareep-111...
[2026-04-24T15:31:37.827Z]   OK: mareep-111 - types:, rarity:Rare, biomes:3, favs:6, items:0
[2026-04-24T15:31:38.637Z] [112/300] Fetching flaaffy-112...
[2026-04-24T15:31:39.226Z]   OK: flaaffy-112 - types:, rarity:Common, biomes:2, favs:6, items:0
[2026-04-24T15:31:39.228Z]   Saved progress: 110 entries
[2026-04-24T15:31:40.035Z] [113/300] Fetching ampharos-113...
[2026-04-24T15:31:40.631Z]   OK: ampharos-113 - types:, rarity:Rare, biomes:1, favs:6, items:0
[2026-04-24T15:31:41.433Z] [114/300] Fetching azurill-114...
[2026-04-24T15:31:42.261Z]   OK: azurill-114 - types:, rarity:Common, biomes:3, favs:6, items:0
[2026-04-24T15:31:43.072Z] [115/300] Fetching marill-115...
[2026-04-24T15:31:43.220Z]   OK: marill-115 - types:, rarity:Rare, biomes:3, favs:6, items:0
[2026-04-24T15:31:44.035Z] [116/300] Fetching azumarill-116...
[2026-04-24T15:31:44.676Z]   OK: azumarill-116 - types:, rarity:Rare, biomes:2, favs:6, items:0
[2026-04-24T15:31:45.485Z] [117/300] Fetching wooper-117...
[2026-04-24T15:31:46.276Z]   OK: wooper-117 - types:, rarity:Common, biomes:2, favs:6, items:0
[2026-04-24T15:31:47.082Z] [118/300] Fetching clodsire-118...
[2026-04-24T15:31:47.865Z]   OK: clodsire-118 - types:, rarity:Rare, biomes:2, favs:6, items:0
[2026-04-24T15:31:48.679Z] [119/300] Fetching smeargle-119...
[2026-04-24T15:31:48.895Z]   OK: smeargle-119 - types:, rarity:Common, biomes:1, favs:6, items:0
[2026-04-24T15:31:49.701Z] [120/300] Fetching torchic-120...
[2026-04-24T15:31:50.461Z]   OK: torchic-120 - types:, rarity:Common, biomes:3, favs:6, items:0
[2026-04-24T15:31:51.267Z] [121/300] Fetching combusken-121...
[2026-04-24T15:31:52.088Z]   OK: combusken-121 - types:, rarity:Rare, biomes:2, favs:6, items:0
[2026-04-24T15:31:52.896Z] [122/300] Fetching blaziken-122...
[2026-04-24T15:31:53.517Z]   OK: blaziken-122 - types:, rarity:Very Rare, biomes:2, favs:6, items:0
[2026-04-24T15:31:53.522Z]   Saved progress: 120 entries
[2026-04-24T15:31:54.338Z] [123/300] Fetching wingull-123...
[2026-04-24T15:31:54.851Z]   OK: wingull-123 - types:, rarity:Common, biomes:3, favs:6, items:0
[2026-04-24T15:31:55.658Z] [124/300] Fetching pelipper-124...
[2026-04-24T15:31:56.459Z]   OK: pelipper-124 - types:, rarity:Rare, biomes:3, favs:6, items:0
[2026-04-24T15:31:57.272Z] [125/300] Fetching makuhita-125...
[2026-04-24T15:31:58.012Z]   OK: makuhita-125 - types:, rarity:Common, biomes:3, favs:6, items:0
[2026-04-24T15:31:58.825Z] [126/300] Fetching hariyama-126...
[2026-04-24T15:31:59.587Z]   OK: hariyama-126 - types:, rarity:Rare, biomes:3, favs:6, items:0
[2026-04-24T15:32:00.392Z] [127/300] Fetching absol-127...
[2026-04-24T15:32:00.919Z]   OK: absol-127 - types:, rarity:Common, biomes:2, favs:6, items:0
[2026-04-24T15:32:01.723Z] [128/300] Fetching piplup-128...
[2026-04-24T15:32:02.263Z]   OK: piplup-128 - types:, rarity:Common, biomes:2, favs:6, items:0
[2026-04-24T15:32:03.067Z] [129/300] Fetching prinplup-129...
[2026-04-24T15:32:03.877Z]   OK: prinplup-129 - types:, rarity:Rare, biomes:3, favs:6, items:0
[2026-04-24T15:32:04.684Z] [130/300] Fetching empoleon-130...
[2026-04-24T15:32:05.515Z]   OK: empoleon-130 - types:, rarity:Common, biomes:2, favs:6, items:0
[2026-04-24T15:32:06.327Z] [131/300] Fetching audino-131...
[2026-04-24T15:32:07.003Z]   OK: audino-131 - types:, rarity:Common, biomes:2, favs:6, items:0
[2026-04-24T15:32:07.816Z] [132/300] Fetching trubbish-132...
[2026-04-24T15:32:08.417Z]   OK: trubbish-132 - types:, rarity:Common, biomes:2, favs:6, items:0
[2026-04-24T15:32:08.419Z]   Saved progress: 130 entries
[2026-04-24T15:32:09.228Z] [133/300] Fetching garbodor-133...
[2026-04-24T15:32:09.984Z]   OK: garbodor-133 - types:, rarity:Rare, biomes:2, favs:6, items:0
[2026-04-24T15:32:10.801Z] [134/300] Fetching zorua-134...
[2026-04-24T15:32:11.002Z]   OK: zorua-134 - types:, rarity:Common, biomes:2, favs:6, items:0
[2026-04-24T15:32:11.807Z] [135/300] Fetching zoroark-135...
[2026-04-24T15:32:12.594Z]   OK: zoroark-135 - types:, rarity:Rare, biomes:2, favs:6, items:0
[2026-04-24T15:32:13.397Z] [136/300] Fetching minccino-136...
[2026-04-24T15:32:14.466Z]   OK: minccino-136 - types:, rarity:Common, biomes:2, favs:6, items:0
[2026-04-24T15:32:15.272Z] [137/300] Fetching cinccino-137...
[2026-04-24T15:32:15.820Z]   OK: cinccino-137 - types:, rarity:Rare, biomes:1, favs:6, items:0
[2026-04-24T15:32:16.623Z] [138/300] Fetching grubbin-138...
[2026-04-24T15:32:17.420Z]   OK: grubbin-138 - types:, rarity:Common, biomes:3, favs:6, items:0
[2026-04-24T15:32:18.233Z] [139/300] Fetching charjabug-139...
[2026-04-24T15:32:18.939Z]   OK: charjabug-139 - types:, rarity:Rare, biomes:2, favs:6, items:0
[2026-04-24T15:32:19.754Z] [140/300] Fetching vikavolt-140...
[2026-04-24T15:32:20.244Z]   OK: vikavolt-140 - types:, rarity:Rare, biomes:2, favs:6, items:0
[2026-04-24T15:32:21.057Z] [141/300] Fetching mimikyu-141...
[2026-04-24T15:32:21.625Z]   OK: mimikyu-141 - types:, rarity:Common, biomes:1, favs:6, items:0
[2026-04-24T15:32:22.434Z] [142/300] Fetching pawmi-142...
[2026-04-24T15:32:22.625Z]   OK: pawmi-142 - types:, rarity:Common, biomes:3, favs:6, items:0
[2026-04-24T15:32:22.628Z]   Saved progress: 140 entries
[2026-04-24T15:32:23.443Z] [143/300] Fetching pawmo-143...
[2026-04-24T15:32:23.611Z]   OK: pawmo-143 - types:, rarity:Common, biomes:2, favs:6, items:0
[2026-04-24T15:32:24.425Z] [144/300] Fetching pawmot-144...
[2026-04-24T15:32:25.029Z]   OK: pawmot-144 - types:, rarity:Common, biomes:1, favs:6, items:0
[2026-04-24T15:32:25.836Z] [145/300] Fetching tatsugiri-145...
[2026-04-24T15:32:25.899Z]   ERROR: tatsugiri-145 - HTTP 404 for tatsugiri-145
[2026-04-24T15:32:27.506Z] [146/300] Fetching ekans-146...
[2026-04-24T15:32:28.396Z]   OK: ekans-146 - types:, rarity:Common, biomes:2, favs:6, items:0
[2026-04-24T15:32:29.207Z] [147/300] Fetching arbok-147...
[2026-04-24T15:32:29.943Z]   OK: arbok-147 - types:, rarity:Rare, biomes:2, favs:6, items:0
[2026-04-24T15:32:30.749Z] [148/300] Fetching cleffa-148...
[2026-04-24T15:32:30.926Z]   OK: cleffa-148 - types:, rarity:Common, biomes:2, favs:6, items:0
[2026-04-24T15:32:31.727Z] [149/300] Fetching clefairy-149...
[2026-04-24T15:32:32.340Z]   OK: clefairy-149 - types:, rarity:Common, biomes:3, favs:6, items:0
[2026-04-24T15:32:33.156Z] [150/300] Fetching clefable-150...
[2026-04-24T15:32:33.982Z]   OK: clefable-150 - types:, rarity:Very Rare, biomes:3, favs:6, items:0
[2026-04-24T15:32:34.795Z] [151/300] Fetching igglybuff-151...
[2026-04-24T15:32:35.566Z]   OK: igglybuff-151 - types:, rarity:Common, biomes:2, favs:6, items:0
[2026-04-24T15:32:36.372Z] [152/300] Fetching jigglypuff-152...
[2026-04-24T15:32:36.491Z]   OK: jigglypuff-152 - types:, rarity:Common, biomes:3, favs:6, items:0
[2026-04-24T15:32:37.293Z] [153/300] Fetching wigglytuff-153...
[2026-04-24T15:32:38.081Z]   OK: wigglytuff-153 - types:, rarity:Rare, biomes:2, favs:6, items:0
[2026-04-24T15:32:38.086Z]   Saved progress: 150 entries
[2026-04-24T15:32:38.888Z] [154/300] Fetching diglett-154...
[2026-04-24T15:32:39.681Z]   OK: diglett-154 - types:, rarity:Common, biomes:3, favs:6, items:0
[2026-04-24T15:32:40.494Z] [155/300] Fetching dugtrio-155...
[2026-04-24T15:32:40.983Z]   OK: dugtrio-155 - types:, rarity:Rare, biomes:2, favs:6, items:0
[2026-04-24T15:32:41.797Z] [156/300] Fetching machop-156...
[2026-04-24T15:32:42.542Z]   OK: machop-156 - types:, rarity:Common, biomes:2, favs:6, items:0
[2026-04-24T15:32:43.348Z] [157/300] Fetching machoke-157...
[2026-04-24T15:32:44.128Z]   OK: machoke-157 - types:, rarity:Common, biomes:2, favs:6, items:0
[2026-04-24T15:32:44.933Z] [158/300] Fetching machamp-158...
[2026-04-24T15:32:45.789Z]   OK: machamp-158 - types:, rarity:Rare, biomes:3, favs:6, items:0
[2026-04-24T15:32:46.604Z] [159/300] Fetching geodude-159...
[2026-04-24T15:32:47.465Z]   OK: geodude-159 - types:, rarity:Common, biomes:2, favs:6, items:0
[2026-04-24T15:32:48.278Z] [160/300] Fetching graveler-160...
[2026-04-24T15:32:49.102Z]   OK: graveler-160 - types:, rarity:Common, biomes:2, favs:6, items:0
[2026-04-24T15:32:49.915Z] [161/300] Fetching golem-161...
[2026-04-24T15:32:50.481Z]   OK: golem-161 - types:, rarity:Rare, biomes:2, favs:6, items:0
[2026-04-24T15:32:51.293Z] [162/300] Fetching magby-162...
[2026-04-24T15:32:52.100Z]   OK: magby-162 - types:, rarity:Common, biomes:2, favs:6, items:0
[2026-04-24T15:32:52.916Z] [163/300] Fetching magmar-163...
[2026-04-24T15:32:53.612Z]   OK: magmar-163 - types:, rarity:Common, biomes:2, favs:6, items:0
[2026-04-24T15:32:53.617Z]   Saved progress: 160 entries
[2026-04-24T15:32:54.426Z] [164/300] Fetching magmortar-164...
[2026-04-24T15:32:55.177Z]   OK: magmortar-164 - types:, rarity:Rare, biomes:1, favs:6, items:0
[2026-04-24T15:32:55.981Z] [165/300] Fetching bonsly-165...
[2026-04-24T15:32:56.875Z]   OK: bonsly-165 - types:, rarity:Common, biomes:2, favs:6, items:0
[2026-04-24T15:32:57.684Z] [166/300] Fetching sudowoodo-166...
[2026-04-24T15:32:57.955Z]   OK: sudowoodo-166 - types:, rarity:Rare, biomes:2, favs:6, items:0
[2026-04-24T15:32:58.767Z] [167/300] Fetching murkrow-167...
[2026-04-24T15:32:59.528Z]   OK: murkrow-167 - types:, rarity:Common, biomes:1, favs:6, items:0
[2026-04-24T15:33:00.339Z] [168/300] Fetching honchkrow-168...
[2026-04-24T15:33:00.523Z]   OK: honchkrow-168 - types:, rarity:Rare, biomes:2, favs:6, items:0
[2026-04-24T15:33:01.331Z] [169/300] Fetching larvitar-169...
[2026-04-24T15:33:02.182Z]   OK: larvitar-169 - types:, rarity:Common, biomes:2, favs:6, items:0
[2026-04-24T15:33:02.986Z] [170/300] Fetching pupitar-170...
[2026-04-24T15:33:03.845Z]   OK: pupitar-170 - types:, rarity:Common, biomes:1, favs:6, items:0
[2026-04-24T15:33:04.647Z] [171/300] Fetching tyranitar-171...
[2026-04-24T15:33:05.413Z]   OK: tyranitar-171 - types:, rarity:Rare, biomes:2, favs:6, items:0
[2026-04-24T15:33:06.217Z] [172/300] Fetching lotad-172...
[2026-04-24T15:33:06.965Z]   OK: lotad-172 - types:, rarity:Common, biomes:3, favs:6, items:0
[2026-04-24T15:33:07.778Z] [173/300] Fetching lombre-173...
[2026-04-24T15:33:08.562Z]   OK: lombre-173 - types:, rarity:Rare, biomes:2, favs:6, items:0
[2026-04-24T15:33:08.567Z]   Saved progress: 170 entries
[2026-04-24T15:33:09.374Z] [174/300] Fetching ludicolo-174...
[2026-04-24T15:33:10.214Z]   OK: ludicolo-174 - types:, rarity:Rare, biomes:2, favs:6, items:0
[2026-04-24T15:33:11.028Z] [175/300] Fetching mawile-175...
[2026-04-24T15:33:11.609Z]   OK: mawile-175 - types:, rarity:Common, biomes:2, favs:6, items:0
[2026-04-24T15:33:12.420Z] [176/300] Fetching torkoal-176...
[2026-04-24T15:33:13.017Z]   OK: torkoal-176 - types:, rarity:Common, biomes:2, favs:6, items:0
[2026-04-24T15:33:13.826Z] [177/300] Fetching kricketot-177...
[2026-04-24T15:33:14.386Z]   OK: kricketot-177 - types:, rarity:Common, biomes:2, favs:6, items:0
[2026-04-24T15:33:15.193Z] [178/300] Fetching kricketune-178...
[2026-04-24T15:33:15.809Z]   OK: kricketune-178 - types:, rarity:Rare, biomes:2, favs:6, items:0
[2026-04-24T15:33:16.612Z] [179/300] Fetching chatot-179...
[2026-04-24T15:33:17.145Z]   OK: chatot-179 - types:, rarity:Rare, biomes:2, favs:6, items:0
[2026-04-24T15:33:17.954Z] [180/300] Fetching riolu-180...
[2026-04-24T15:33:18.787Z]   OK: riolu-180 - types:, rarity:Common, biomes:2, favs:6, items:0
[2026-04-24T15:33:19.599Z] [181/300] Fetching lucario-181...
[2026-04-24T15:33:20.364Z]   OK: lucario-181 - types:, rarity:Common, biomes:1, favs:6, items:0
[2026-04-24T15:33:21.170Z] [182/300] Fetching rotom-182...
[2026-04-24T15:33:22.029Z]   OK: rotom-182 - types:, rarity:Rare, biomes:1, favs:6, items:0
[2026-04-24T15:33:22.837Z] [183/300] Fetching larvesta-183...
[2026-04-24T15:33:23.570Z]   OK: larvesta-183 - types:, rarity:Common, biomes:1, favs:6, items:0
[2026-04-24T15:33:23.573Z]   Saved progress: 180 entries
[2026-04-24T15:33:24.374Z] [184/300] Fetching volcarona-184...
[2026-04-24T15:33:24.534Z]   OK: volcarona-184 - types:, rarity:Very Rare, biomes:1, favs:6, items:0
[2026-04-24T15:33:25.347Z] [185/300] Fetching rowlet-185...
[2026-04-24T15:33:26.177Z]   OK: rowlet-185 - types:, rarity:Common, biomes:2, favs:6, items:0
[2026-04-24T15:33:26.992Z] [186/300] Fetching dartrix-186...
[2026-04-24T15:33:27.825Z]   OK: dartrix-186 - types:, rarity:Common, biomes:2, favs:6, items:0
[2026-04-24T15:33:28.626Z] [187/300] Fetching decidueye-187...
[2026-04-24T15:33:29.311Z]   OK: decidueye-187 - types:, rarity:Very Rare, biomes:2, favs:6, items:0
[2026-04-24T15:33:30.127Z] [188/300] Fetching scorbunny-188...
[2026-04-24T15:33:30.263Z]   OK: scorbunny-188 - types:, rarity:Common, biomes:2, favs:6, items:0
[2026-04-24T15:33:31.067Z] [189/300] Fetching raboot-189...
[2026-04-24T15:33:31.890Z]   OK: raboot-189 - types:, rarity:Common, biomes:1, favs:6, items:0
[2026-04-24T15:33:32.693Z] [190/300] Fetching cinderace-190...
[2026-04-24T15:33:33.300Z]   OK: cinderace-190 - types:, rarity:Very Rare, biomes:2, favs:6, items:0
[2026-04-24T15:33:34.102Z] [191/300] Fetching skwovet-191...
[2026-04-24T15:33:34.972Z]   OK: skwovet-191 - types:, rarity:Common, biomes:1, favs:6, items:0
[2026-04-24T15:33:35.773Z] [192/300] Fetching greedent-192...
[2026-04-24T15:33:36.527Z]   OK: greedent-192 - types:, rarity:Common, biomes:1, favs:6, items:0
[2026-04-24T15:33:37.338Z] [193/300] Fetching rolycoly-193...
[2026-04-24T15:33:38.022Z]   OK: rolycoly-193 - types:, rarity:Common, biomes:1, favs:6, items:0
[2026-04-24T15:33:38.026Z]   Saved progress: 190 entries
[2026-04-24T15:33:38.840Z] [194/300] Fetching carkol-194...
[2026-04-24T15:33:39.649Z]   OK: carkol-194 - types:, rarity:Common, biomes:1, favs:6, items:0
[2026-04-24T15:33:40.456Z] [195/300] Fetching coalossal-195...
[2026-04-24T15:33:41.151Z]   OK: coalossal-195 - types:, rarity:Very Rare, biomes:1, favs:6, items:0
[2026-04-24T15:33:41.956Z] [196/300] Fetching toxel-196...
[2026-04-24T15:33:42.526Z]   OK: toxel-196 - types:, rarity:Common, biomes:1, favs:6, items:0
[2026-04-24T15:33:43.332Z] [197/300] Fetching toxtricity-197...
[2026-04-24T15:33:43.614Z]   ERROR: toxtricity-197 - HTTP 404 for toxtricity-197
[2026-04-24T15:33:45.219Z] [198/300] Fetching fidough-198...
[2026-04-24T15:33:45.921Z]   OK: fidough-198 - types:, rarity:Common, biomes:2, favs:6, items:0
[2026-04-24T15:33:46.733Z] [199/300] Fetching dachsbun-199...
[2026-04-24T15:33:47.506Z]   OK: dachsbun-199 - types:, rarity:Rare, biomes:2, favs:6, items:0
[2026-04-24T15:33:48.313Z] [200/300] Fetching charcadet-200...
[2026-04-24T15:33:48.988Z]   OK: charcadet-200 - types:, rarity:Common, biomes:1, favs:6, items:0
[2026-04-24T15:33:49.793Z] [201/300] Fetching armarouge-201...
[2026-04-24T15:33:50.531Z]   OK: armarouge-201 - types:, rarity:Rare, biomes:1, favs:6, items:0
[2026-04-24T15:33:51.339Z] [202/300] Fetching ceruledge-202...
[2026-04-24T15:33:51.924Z]   OK: ceruledge-202 - types:, rarity:Common, biomes:1, favs:6, items:0
[2026-04-24T15:33:52.737Z] [203/300] Fetching glimmet-203...
[2026-04-24T15:33:53.502Z]   OK: glimmet-203 - types:, rarity:Common, biomes:3, favs:6, items:0
[2026-04-24T15:33:54.304Z] [204/300] Fetching glimmora-204...
[2026-04-24T15:33:55.128Z]   OK: glimmora-204 - types:, rarity:Rare, biomes:3, favs:6, items:0
[2026-04-24T15:33:55.132Z]   Saved progress: 200 entries
[2026-04-24T15:33:55.942Z] [205/300] Fetching gimmighoul-205...
[2026-04-24T15:33:56.499Z]   OK: gimmighoul-205 - types:, rarity:Common, biomes:2, favs:6, items:0
[2026-04-24T15:33:57.308Z] [206/300] Fetching gholdengo-206...
[2026-04-24T15:33:58.101Z]   OK: gholdengo-206 - types:, rarity:Rare, biomes:1, favs:6, items:0
[2026-04-24T15:33:58.914Z] [207/300] Fetching vulpix-207...
[2026-04-24T15:33:59.704Z]   OK: vulpix-207 - types:, rarity:Common, biomes:1, favs:6, items:0
[2026-04-24T15:34:00.515Z] [208/300] Fetching ninetales-208...
[2026-04-24T15:34:01.049Z]   OK: ninetales-208 - types:, rarity:Rare, biomes:1, favs:6, items:0
[2026-04-24T15:34:01.851Z] [209/300] Fetching poliwag-209...
[2026-04-24T15:34:02.684Z]   OK: poliwag-209 - types:, rarity:Common, biomes:1, favs:6, items:0
[2026-04-24T15:34:03.490Z] [210/300] Fetching poliwhirl-210...
[2026-04-24T15:34:04.126Z]   OK: poliwhirl-210 - types:, rarity:Rare, biomes:2, favs:6, items:0
[2026-04-24T15:34:04.931Z] [211/300] Fetching poliwrath-211...
[2026-04-24T15:34:05.648Z]   OK: poliwrath-211 - types:, rarity:Common, biomes:1, favs:6, items:0
[2026-04-24T15:34:06.464Z] [212/300] Fetching politoed-212...
[2026-04-24T15:34:07.008Z]   OK: politoed-212 - types:, rarity:Rare, biomes:4, favs:6, items:0
[2026-04-24T15:34:07.814Z] [213/300] Fetching abra-213...
[2026-04-24T15:34:08.067Z]   OK: abra-213 - types:, rarity:Common, biomes:1, favs:6, items:0
[2026-04-24T15:34:08.869Z] [214/300] Fetching kadabra-214...
[2026-04-24T15:34:09.624Z]   OK: kadabra-214 - types:, rarity:Rare, biomes:1, favs:6, items:0
[2026-04-24T15:34:09.629Z]   Saved progress: 210 entries
[2026-04-24T15:34:10.434Z] [215/300] Fetching alakazam-215...
[2026-04-24T15:34:11.052Z]   OK: alakazam-215 - types:, rarity:Rare, biomes:1, favs:6, items:0
[2026-04-24T15:34:11.858Z] [216/300] Fetching mime-jr-216...
[2026-04-24T15:34:12.079Z]   OK: mime-jr-216 - types:, rarity:Common, biomes:1, favs:6, items:0
[2026-04-24T15:34:12.882Z] [217/300] Fetching mr-mime-217...
[2026-04-24T15:34:13.698Z]   OK: mr-mime-217 - types:, rarity:Common, biomes:1, favs:6, items:0
[2026-04-24T15:34:14.505Z] [218/300] Fetching porygon-218...
[2026-04-24T15:34:15.197Z]   OK: porygon-218 - types:, rarity:Common, biomes:1, favs:6, items:0
[2026-04-24T15:34:15.999Z] [219/300] Fetching porygon2-219...
[2026-04-24T15:34:16.607Z]   OK: porygon2-219 - types:, rarity:Rare, biomes:1, favs:6, items:0
[2026-04-24T15:34:17.409Z] [220/300] Fetching porygon-z-220...
[2026-04-24T15:34:18.266Z]   OK: porygon-z-220 - types:, rarity:Rare, biomes:2, favs:6, items:0
[2026-04-24T15:34:19.081Z] [221/300] Fetching dratini-221...
[2026-04-24T15:34:19.761Z]   OK: dratini-221 - types:, rarity:Common, biomes:2, favs:6, items:0
[2026-04-24T15:34:20.566Z] [222/300] Fetching dragonair-222...
[2026-04-24T15:34:21.407Z]   OK: dragonair-222 - types:, rarity:Very Rare, biomes:2, favs:6, items:0
[2026-04-24T15:34:22.211Z] [223/300] Fetching dragonite-223...
[2026-04-24T15:34:22.844Z]   OK: dragonite-223 - types:, rarity:Common, biomes:1, favs:6, items:0
[2026-04-24T15:34:23.651Z] [224/300] Fetching cyndaquil-224...
[2026-04-24T15:34:24.424Z]   OK: cyndaquil-224 - types:, rarity:Common, biomes:1, favs:6, items:0
[2026-04-24T15:34:24.431Z]   Saved progress: 220 entries
[2026-04-24T15:34:25.238Z] [225/300] Fetching quilava-225...
[2026-04-24T15:34:25.841Z]   OK: quilava-225 - types:, rarity:Common, biomes:2, favs:6, items:0
[2026-04-24T15:34:26.648Z] [226/300] Fetching typhlosion-226...
[2026-04-24T15:34:27.504Z]   OK: typhlosion-226 - types:, rarity:Rare, biomes:3, favs:6, items:0
[2026-04-24T15:34:28.307Z] [227/300] Fetching misdreavus-227...
[2026-04-24T15:34:29.154Z]   OK: misdreavus-227 - types:, rarity:Common, biomes:1, favs:6, items:0
[2026-04-24T15:34:29.969Z] [228/300] Fetching mismagius-228...
[2026-04-24T15:34:30.167Z]   OK: mismagius-228 - types:, rarity:Very Rare, biomes:1, favs:6, items:0
[2026-04-24T15:34:30.974Z] [229/300] Fetching girafarig-229...
[2026-04-24T15:34:31.787Z]   OK: girafarig-229 - types:, rarity:Common, biomes:1, favs:6, items:0
[2026-04-24T15:34:32.588Z] [230/300] Fetching farigiraf-230...
[2026-04-24T15:34:32.758Z]   OK: farigiraf-230 - types:, rarity:Rare, biomes:1, favs:6, items:0
[2026-04-24T15:34:33.565Z] [231/300] Fetching ralts-231...
[2026-04-24T15:34:34.144Z]   OK: ralts-231 - types:, rarity:Common, biomes:1, favs:6, items:0
[2026-04-24T15:34:34.945Z] [232/300] Fetching kirlia-232...
[2026-04-24T15:34:35.648Z]   OK: kirlia-232 - types:, rarity:Rare, biomes:1, favs:6, items:0
[2026-04-24T15:34:36.452Z] [233/300] Fetching gardevoir-233...
[2026-04-24T15:34:37.126Z]   OK: gardevoir-233 - types:, rarity:Rare, biomes:1, favs:6, items:0
[2026-04-24T15:34:37.958Z] [234/300] Fetching gallade-234...
[2026-04-24T15:34:38.684Z]   OK: gallade-234 - types:, rarity:Rare, biomes:1, favs:6, items:0
[2026-04-24T15:34:38.688Z]   Saved progress: 230 entries
[2026-04-24T15:34:39.490Z] [235/300] Fetching plusle-235...
[2026-04-24T15:34:40.531Z]   OK: plusle-235 - types:, rarity:Rare, biomes:1, favs:6, items:0
[2026-04-24T15:34:41.342Z] [236/300] Fetching minun-236...
[2026-04-24T15:34:42.014Z]   OK: minun-236 - types:, rarity:Rare, biomes:1, favs:6, items:0
[2026-04-24T15:34:42.828Z] [237/300] Fetching trapinch-237...
[2026-04-24T15:34:43.578Z]   OK: trapinch-237 - types:, rarity:Common, biomes:1, favs:6, items:0
[2026-04-24T15:34:44.393Z] [238/300] Fetching vibrava-238...
[2026-04-24T15:34:44.530Z]   OK: vibrava-238 - types:, rarity:Rare, biomes:1, favs:6, items:0
[2026-04-24T15:34:45.337Z] [239/300] Fetching flygon-239...
[2026-04-24T15:34:45.901Z]   OK: flygon-239 - types:, rarity:Rare, biomes:1, favs:6, items:0
[2026-04-24T15:34:46.717Z] [240/300] Fetching swablu-240...
[2026-04-24T15:34:47.239Z]   OK: swablu-240 - types:, rarity:Common, biomes:1, favs:6, items:0
[2026-04-24T15:34:48.050Z] [241/300] Fetching altaria-241...
[2026-04-24T15:34:48.591Z]   OK: altaria-241 - types:, rarity:Common, biomes:1, favs:6, items:0
[2026-04-24T15:34:49.393Z] [242/300] Fetching duskull-242...
[2026-04-24T15:34:50.118Z]   OK: duskull-242 - types:, rarity:Common, biomes:1, favs:6, items:0
[2026-04-24T15:34:50.927Z] [243/300] Fetching dusclops-243...
[2026-04-24T15:34:51.724Z]   OK: dusclops-243 - types:, rarity:Rare, biomes:1, favs:6, items:0
[2026-04-24T15:34:52.534Z] [244/300] Fetching dusknoir-244...
[2026-04-24T15:34:53.108Z]   OK: dusknoir-244 - types:, rarity:Rare, biomes:1, favs:6, items:0
[2026-04-24T15:34:53.111Z]   Saved progress: 240 entries
[2026-04-24T15:34:53.923Z] [245/300] Fetching beldum-245...
[2026-04-24T15:34:54.702Z]   OK: beldum-245 - types:, rarity:Common, biomes:1, favs:6, items:0
[2026-04-24T15:34:55.504Z] [246/300] Fetching metang-246...
[2026-04-24T15:34:56.275Z]   OK: metang-246 - types:, rarity:Common, biomes:1, favs:6, items:0
[2026-04-24T15:34:57.084Z] [247/300] Fetching metagross-247...
[2026-04-24T15:34:57.943Z]   OK: metagross-247 - types:, rarity:Rare, biomes:1, favs:6, items:0
[2026-04-24T15:34:58.754Z] [248/300] Fetching snivy-248...
[2026-04-24T15:34:59.591Z]   OK: snivy-248 - types:, rarity:Common, biomes:1, favs:6, items:0
[2026-04-24T15:35:00.403Z] [249/300] Fetching servine-249...
